[2026-03-09T05:04:42.038Z] [debug] Notifying parent we're ready
[2026-03-09T05:04:42.039Z] [debug] Received message from parent: {
  cacheFile: '/Users/ruiweix/Desktop/teacher-prompting/.vercel-cli-cache/com.vercel.cli/package-updates/vercel-latest.json',
  distTag: 'latest',
  name: 'vercel',
  updateCheckInterval: 86400000
}
[2026-03-09T05:04:42.039Z] [debug] Disconnecting from parent
[2026-03-09T05:04:42.040Z] [debug] Checking lock file: /Users/ruiweix/Desktop/teacher-prompting/.vercel-cli-cache/com.vercel.cli/package-updates/vercel-latest.lock
[2026-03-09T05:04:42.040Z] [debug] Initializing lock file with pid 95506
[2026-03-09T05:04:42.040Z] [debug] Fetching https://registry.npmjs.org/-/package/vercel/dist-tags
[2026-03-09T05:04:42.048Z] [error] Failed to get package info: Error: getaddrinfo ENOTFOUND registry.npmjs.org
    at GetAddrInfoReqWrap.onlookupall [as oncomplete] (node:dns:122:26) {
  errno: -3008,
  code: 'ENOTFOUND',
  syscall: 'getaddrinfo',
  hostname: 'registry.npmjs.org'
}
[2026-03-09T05:04:42.048Z] [debug] Releasing lock file: /Users/ruiweix/Desktop/teacher-prompting/.vercel-cli-cache/com.vercel.cli/package-updates/vercel-latest.lock
[2026-03-09T05:04:42.049Z] [debug] Worker finished successfully!